\BOOKMARK [1][-]{section.1}{\376\377\000T\036\325\000n\000g\000\040\000q\000u\000a\000n}{}% 1
\BOOKMARK [2][-]{subsection.1.1}{\376\377\000C\000y\000b\000e\000r\000S\000t\000r\000i\000k\000e\000A\000I\000\040\000l\000\340\000\040\000g\000\354\000?}{section.1}% 2
\BOOKMARK [2][-]{subsection.1.2}{\376\377\000C\000\341\000c\000\040\000c\000h\036\351\000c\000\040\000n\001\003\000n\000g\000\040\000c\000h\000\355\000n\000h}{section.1}% 3
\BOOKMARK [2][-]{subsection.1.3}{\376\377\000P\000h\036\241\000m\000\040\000v\000i\000\040\000t\000\340\000i\000\040\000l\000i\036\307\000u}{section.1}% 4
\BOOKMARK [1][-]{section.2}{\376\377\000C\000\340\000i\000\040\001\021\036\267\000t\000\040\000v\000\340\000\040\000C\036\245\000u\000\040\000h\000\354\000n\000h}{}% 5
\BOOKMARK [2][-]{subsection.2.1}{\376\377\000Y\000\352\000u\000\040\000c\036\247\000u}{section.2}% 6
\BOOKMARK [2][-]{subsection.2.2}{\376\377\000C\000\340\000i\000\040\001\021\036\267\000t\000\040\000v\036\333\000i\000\040\000D\000o\000c\000k\000e\000r\000\040\000\050\000K\000h\000u\000y\036\277\000n\000\040\000n\000g\000h\036\313\000\051}{section.2}% 7
\BOOKMARK [2][-]{subsection.2.3}{\376\377\000C\000\340\000i\000\040\001\021\036\267\000t\000\040\000v\036\333\000i\000\040\000r\000u\000n\000.\000s\000h\000\040\000\050\000D\000e\000v\000e\000l\000o\000p\000m\000e\000n\000t\000\051}{section.2}% 8
\BOOKMARK [2][-]{subsection.2.4}{\376\377\000C\036\245\000u\000\040\000h\000\354\000n\000h\000\040\000A\000I\000\040\000M\000o\000d\000e\000l}{section.2}% 9
\BOOKMARK [2][-]{subsection.2.5}{\376\377\000C\036\245\000u\000\040\000h\000\354\000n\000h\000\040\000O\000p\000t\000i\000o\000n\000a\000l\000\040\000\050\000M\000C\000P\000\040\000\046\000\040\000H\000I\000T\000L\000\051}{section.2}% 10
\BOOKMARK [1][-]{section.3}{\376\377\000Q\000u\000y\000\040\000t\000r\000\354\000n\000h\000\040\000S\036\355\000\040\000d\036\345\000n\000g}{}% 11
\BOOKMARK [2][-]{subsection.3.1}{\376\377\000B\001\260\036\333\000c\000\040\0001\000:\000\040\000T\036\241\000o\000\040\000P\000r\000o\000j\000e\000c\000t}{section.3}% 12
\BOOKMARK [2][-]{subsection.3.2}{\376\377\000B\001\260\036\333\000c\000\040\0002\000:\000\040\000M\036\337\000\040\000C\000h\000a\000t}{section.3}% 13
\BOOKMARK [2][-]{subsection.3.3}{\376\377\000B\001\260\036\333\000c\000\040\0003\000:\000\040\000C\000h\036\315\000n\000\040\000R\000o\000l\000e}{section.3}% 14
\BOOKMARK [2][-]{subsection.3.4}{\376\377\000B\001\260\036\333\000c\000\040\0004\000:\000\040\000C\000h\036\315\000n\000\040\000A\000g\000e\000n\000t\000\040\000M\000o\000d\000e}{section.3}% 15
\BOOKMARK [2][-]{subsection.3.5}{\376\377\000B\001\260\036\333\000c\000\040\0005\000:\000\040\000G\036\355\000i\000\040\000T\000a\000s\000k}{section.3}% 16
\BOOKMARK [2][-]{subsection.3.6}{\376\377\000B\001\260\036\333\000c\000\040\0006\000:\000\040\000T\000h\000e\000o\000\040\000d\000\365\000i\000\040\000v\000\340\000\040\000R\000e\000v\000i\000e\000w\000\040\000K\036\277\000t\000\040\000q\000u\036\243}{section.3}% 17
\BOOKMARK [1][-]{section.4}{\376\377\000K\036\277\000t\000\040\000q\000u\036\243\000\040\000\046\000\040\000T\000\355\000n\000h\000\040\000n\001\003\000n\000g\000\040\000N\000\342\000n\000g\000\040\000c\000a\000o}{}% 18
\BOOKMARK [2][-]{subsection.4.1}{\376\377\000Q\000u\036\243\000n\000\040\000l\000\375\000\040\000K\036\277\000t\000\040\000q\000u\036\243}{section.4}% 19
\BOOKMARK [2][-]{subsection.4.2}{\376\377\000T\000\355\000n\000h\000\040\000n\001\003\000n\000g\000\040\000N\000\342\000n\000g\000\040\000c\000a\000o}{section.4}% 20
\BOOKMARK [1][-]{section.5}{\376\377\000T\000r\000o\000u\000b\000l\000e\000s\000h\000o\000o\000t\000i\000n\000g}{}% 21
